[i]  Inventory    Vector started with: /usr/bin/vector --config <conf>/vector.yaml; configuration files: <conf>/vector.yaml (sha256 2f69f4e8c932…), backed up to <state>/adoption-inventory/<time>.
[!!] Existing     Vector is already running here: vector.service (pid 812). Setup won't take it over.
                  To hand its workload to Vectory, save its configuration as JSON at <managed>, <stop>, then run this command again. To leave it running untouched beside Vectory, add --keep-existing-vector. Its configuration is backed up in <state>/adoption-inventory/<time>.
