{
  "check_in": {
    "due_in_seconds": 48,
    "interval_seconds": 60,
    "last_at": "2026-10-02T14:29:48Z",
    "next_due_at": "2026-10-02T14:30:48Z"
  },
  "running_pipeline": {
    "generation": 12,
    "name": "Edge syslog processing",
    "version_id": "3f2a9c1d-5b7e-4a10-9c2d-0e8f6a7b1c3d",
    "version_number": 3
  },
  "wake_ups": {
    "listening": true
  }
}
